Archive member included to satisfy reference by file (symbol)

c:\users\dell\Documents\Atmel Studio\7.0\IRchinhThuc\IRchinhThuc\ArduinoCore\Debug\libArduinoCore.a(HardwareSerial.o)
                              Sketch.o (_ZN14HardwareSerial9availableEv)
c:\users\dell\Documents\Atmel Studio\7.0\IRchinhThuc\IRchinhThuc\ArduinoCore\Debug\libArduinoCore.a(HardwareSerial0.o)
                              Sketch.o (Serial)
c:\users\dell\Documents\Atmel Studio\7.0\IRchinhThuc\IRchinhThuc\ArduinoCore\Debug\libArduinoCore.a(main.o)
                              C:/Program Files (x86)/Atmel/Studio/7.0/Packs/atmel/ATmega_DFP/1.6.364/gcc/dev/atmega328p/avr5/crtatmega328p.o (main)
c:\users\dell\Documents\Atmel Studio\7.0\IRchinhThuc\IRchinhThuc\ArduinoCore\Debug\libArduinoCore.a(Print.o)
                              c:\users\dell\Documents\Atmel Studio\7.0\IRchinhThuc\IRchinhThuc\ArduinoCore\Debug\libArduinoCore.a(HardwareSerial.o) (_ZN5Print5writeEPKhj)
c:\users\dell\Documents\Atmel Studio\7.0\IRchinhThuc\IRchinhThuc\ArduinoCore\Debug\libArduinoCore.a(wiring.o)
                              Sketch.o (delay)
c:\users\dell\Documents\Atmel Studio\7.0\IRchinhThuc\IRchinhThuc\ArduinoCore\Debug\libArduinoCore.a(IRLibRecvBase.o)
                              Sketch.o (recvGlobal)
c:\users\dell\Documents\Atmel Studio\7.0\IRchinhThuc\IRchinhThuc\ArduinoCore\Debug\libArduinoCore.a(IRLibHardware.o)
                              c:\users\dell\Documents\Atmel Studio\7.0\IRchinhThuc\IRchinhThuc\ArduinoCore\Debug\libArduinoCore.a(IRLibRecvBase.o) (IRLib_didIROut)
c:\users\dell\Documents\Atmel Studio\7.0\IRchinhThuc\IRchinhThuc\ArduinoCore\Debug\libArduinoCore.a(IRLibSendBase.o)
                              Sketch.o (_ZN10IRsendBase11enableIROutEh)
c:\users\dell\Documents\Atmel Studio\7.0\IRchinhThuc\IRchinhThuc\ArduinoCore\Debug\libArduinoCore.a(IRLibRecvPCI.o)
                              Sketch.o (_ZN9IRrecvPCI11disableIRInEv)
c:\users\dell\Documents\Atmel Studio\7.0\IRchinhThuc\IRchinhThuc\ArduinoCore\Debug\libArduinoCore.a(abi.o)
                              c:\users\dell\Documents\Atmel Studio\7.0\IRchinhThuc\IRchinhThuc\ArduinoCore\Debug\libArduinoCore.a(Print.o) (__cxa_pure_virtual)
c:\users\dell\Documents\Atmel Studio\7.0\IRchinhThuc\IRchinhThuc\ArduinoCore\Debug\libArduinoCore.a(hooks.o)
                              c:\users\dell\Documents\Atmel Studio\7.0\IRchinhThuc\IRchinhThuc\ArduinoCore\Debug\libArduinoCore.a(wiring.o) (yield)
c:\users\dell\Documents\Atmel Studio\7.0\IRchinhThuc\IRchinhThuc\ArduinoCore\Debug\libArduinoCore.a(WInterrupts.o)
                              c:\users\dell\Documents\Atmel Studio\7.0\IRchinhThuc\IRchinhThuc\ArduinoCore\Debug\libArduinoCore.a(IRLibRecvPCI.o) (attachInterrupt)
c:\users\dell\Documents\Atmel Studio\7.0\IRchinhThuc\IRchinhThuc\ArduinoCore\Debug\libArduinoCore.a(wiring_digital.o)
                              c:\users\dell\Documents\Atmel Studio\7.0\IRchinhThuc\IRchinhThuc\ArduinoCore\Debug\libArduinoCore.a(IRLibRecvBase.o) (pinMode)
c:/program files (x86)/atmel/studio/7.0/toolchain/avr8/avr8-gnu-toolchain/bin/../lib/gcc/avr/5.4.0/../../../../avr/lib/avr5\libm.a(addsf3.o)
                              c:\users\dell\Documents\Atmel Studio\7.0\IRchinhThuc\IRchinhThuc\ArduinoCore\Debug\libArduinoCore.a(Print.o) (__subsf3)
c:/program files (x86)/atmel/studio/7.0/toolchain/avr8/avr8-gnu-toolchain/bin/../lib/gcc/avr/5.4.0/../../../../avr/lib/avr5\libm.a(addsf3x.o)
                              c:/program files (x86)/atmel/studio/7.0/toolchain/avr8/avr8-gnu-toolchain/bin/../lib/gcc/avr/5.4.0/../../../../avr/lib/avr5\libm.a(addsf3.o) (__addsf3x)
c:/program files (x86)/atmel/studio/7.0/toolchain/avr8/avr8-gnu-toolchain/bin/../lib/gcc/avr/5.4.0/../../../../avr/lib/avr5\libm.a(cmpsf2.o)
                              c:\users\dell\Documents\Atmel Studio\7.0\IRchinhThuc\IRchinhThuc\ArduinoCore\Debug\libArduinoCore.a(Print.o) (__ltsf2)
c:/program files (x86)/atmel/studio/7.0/toolchain/avr8/avr8-gnu-toolchain/bin/../lib/gcc/avr/5.4.0/../../../../avr/lib/avr5\libm.a(divsf3.o)
                              c:\users\dell\Documents\Atmel Studio\7.0\IRchinhThuc\IRchinhThuc\ArduinoCore\Debug\libArduinoCore.a(Print.o) (__divsf3)
c:/program files (x86)/atmel/studio/7.0/toolchain/avr8/avr8-gnu-toolchain/bin/../lib/gcc/avr/5.4.0/../../../../avr/lib/avr5\libm.a(divsf3x.o)
                              c:/program files (x86)/atmel/studio/7.0/toolchain/avr8/avr8-gnu-toolchain/bin/../lib/gcc/avr/5.4.0/../../../../avr/lib/avr5\libm.a(divsf3.o) (__divsf3x)
c:/program files (x86)/atmel/studio/7.0/toolchain/avr8/avr8-gnu-toolchain/bin/../lib/gcc/avr/5.4.0/../../../../avr/lib/avr5\libm.a(fixunssfsi.o)
                              c:\users\dell\Documents\Atmel Studio\7.0\IRchinhThuc\IRchinhThuc\ArduinoCore\Debug\libArduinoCore.a(Print.o) (__fixunssfsi)
c:/program files (x86)/atmel/studio/7.0/toolchain/avr8/avr8-gnu-toolchain/bin/../lib/gcc/avr/5.4.0/../../../../avr/lib/avr5\libm.a(floatsisf.o)
[...]
Memory Configuration

Name             Origin             Length             Attributes
text             0x00000000         0x00008000         xr
data             0x00800100         0x00000800         rw !x
eeprom           0x00810000         0x00000400         rw !x
fuse             0x00820000         0x00000003         rw !x
lock             0x00830000         0x00000400         rw !x
signature        0x00840000         0x00000400         rw !x
user_signatures  0x00850000         0x00000400         rw !x
*default*        0x00000000         0xffffffff

Linker script and memory map

Address of section .data set to 0x800100
LOAD C:/Program Files (x86)/Atmel/Studio/7.0/Packs/atmel/ATmega_DFP/1.6.364/gcc/dev/atmega328p/avr5/crtatmega328p.o
LOAD Sketch.o
START GROUP
LOAD c:/program files (x86)/atmel/studio/7.0/toolchain/avr8/avr8-gnu-toolchain/bin/../lib/gcc/avr/5.4.0/../../../../avr/lib/avr5\libm.a
LOAD c:\users\dell\Documents\Atmel Studio\7.0\IRchinhThuc\IRchinhThuc\ArduinoCore\Debug\libArduinoCore.a
END GROUP
LOAD c:/program files (x86)/atmel/studio/7.0/toolchain/avr8/avr8-gnu-toolchain/bin/../lib/gcc/avr/5.4.0/avr5\libgcc.a
LOAD c:/program files (x86)/atmel/studio/7.0/toolchain/avr8/avr8-gnu-toolchain/bin/../lib/gcc/avr/5.4.0/../../../../avr/lib/avr5\libm.a
START GROUP
LOAD c:/program files (x86)/atmel/studio/7.0/toolchain/avr8/avr8-gnu-toolchain/bin/../lib/gcc/avr/5.4.0/avr5\libgcc.a
LOAD c:/program files (x86)/atmel/studio/7.0/toolchain/avr8/avr8-gnu-toolchain/bin/../lib/gcc/avr/5.4.0/../../../../avr/lib/avr5\libm.a
LOAD c:/program files (x86)/atmel/studio/7.0/toolchain/avr8/avr8-gnu-toolchain/bin/../lib/gcc/avr/5.4.0/../../../../avr/lib/avr5\libc.a
LOAD C:/Program Files (x86)/Atmel/Studio/7.0/Packs/atmel/ATmega_DFP/1.6.364/gcc/dev/atmega328p/avr5\libatmega328p.a
END GROUP
                0x00000000                __TEXT_REGION_ORIGIN__ = DEFINED (__TEXT_REGION_ORIGIN__)?__TEXT_REGION_ORIGIN__:0x0
                [0x00800100]                __DATA_REGION_ORIGIN__ = DEFINED (__DATA_REGION_ORIGIN__)?__DATA_REGION_ORIGIN__:0x800060
                [0x00008000]                __TEXT_REGION_LENGTH__ = DEFINED (__TEXT_REGION_LENGTH__)?__TEXT_REGION_LENGTH__:0x20000
                [0x00000800]                __DATA_REGION_LENGTH__ = DEFINED (__DATA_REGION_LENGTH__)?__DATA_REGION_LENGTH__:0xffa0
                [0x00000400]                __EEPROM_REGION_LENGTH__ = DEFINED (__EEPROM_REGION_LENGTH__)?__EEPROM_REGION_LENGTH__:0x10000
                [0x00000003]                __FUSE_REGION_LENGTH__ = DEFINED (__FUSE_REGION_LENGTH__)?__FUSE_REGION_LENGTH__:0x400
                0x00000400                __LOCK_REGION_LENGTH__ = DEFINED (__LOCK_REGION_LENGTH__)?__LOCK_REGION_LENGTH__:0x400
                0x00000400                __SIGNATURE_REGION_LENGTH__ = DEFINED (__SIGNATURE_REGION_LENGTH__)?__SIGNATURE_REGION_LENGTH__:0x400
                0x00000400                __USER_SIGNATURE_REGION_LENGTH__ = DEFINED (__USER_SIGNATURE_REGION_LENGTH__)?__USER_SIGNATURE_REGION_LENGTH__:0x400

.hash
 *(.hash)

.dynsym
 *(.dynsym)

.dynstr
 *(.dynstr)

.gnu.version
 *(.gnu.version)

.gnu.version_d
 *(.gnu.version_d)

.gnu.version_r
 *(.gnu.version_r)

.rel.init
 *(.rel.init)

.rela.init
 *(.rela.init)

.rel.text
 *(.rel.text)
 *(.rel.text.*)
 *(.rel.gnu.linkonce.t*)

.rela.text
 *(.rela.text)
 *(.rela.text.*)
 *(.rela.gnu.linkonce.t*)

.rel.fini
 *(.rel.fini)

.rela.fini
 *(.rela.fini)

.rel.rodata
 *(.rel.rodata)
 *(.rel.rodata.*)
 *(.rel.gnu.linkonce.r*)

.rela.rodata
 *(.rela.rodata)
 *(.rela.rodata.*)
 *(.rela.gnu.linkonce.r*)

.rel.data
 *(.rel.data)
 *(.rel.data.*)
 *(.rel.gnu.linkonce.d*)

.rela.data
 *(.rela.data)
 *(.rela.data.*)
 *(.rela.gnu.linkonce.d*)

.rel.ctors
 *(.rel.ctors)

.rela.ctors
 *(.rela.ctors)

.rel.dtors
 *(.rel.dtors)

.rela.dtors
 *(.rela.dtors)

.rel.got
 *(.rel.got)

.rela.got
 *(.rela.got)

.rel.bss
 *(.rel.bss)

.rela.bss
 *(.rela.bss)

.rel.plt
 *(.rel.plt)

.rela.plt
 *(.rela.plt)

.text           0x00000000     0x1778
 *(.vectors)
 .vectors       0x00000000       0x68 C:/Program Files (x86)/Atmel/Studio/7.0/Packs/atmel/ATmega_DFP/1.6.364/gcc/dev/atmega328p/avr5/crtatmega328p.o
                0x00000000                __vector_default
                0x00000000                __vectors
 *(.vectors)
 *(.progmem.gcc*)
                0x00000068                . = ALIGN (0x2)
                0x00000068                __trampolines_start = .
 *(.trampolines)
 .trampolines   0x00000068        0x0 linker stubs
 *(.trampolines*)
                0x00000068                __trampolines_end = .
 *libprintf_flt.a:*(.progmem.data)
 *libc.a:*(.progmem.data)
 *(.progmem*)
 .progmem.data.digital_pin_to_timer_PGM
                0x00000068       0x14 c:\users\dell\Documents\Atmel Studio\7.0\IRchinhThuc\IRchinhThuc\ArduinoCore\Debug\libArduinoCore.a(wiring_digital.o)
                0x00000068                digital_pin_to_timer_PGM
 .progmem.data.digital_pin_to_bit_mask_PGM
                0x0000007c       0x14 c:\users\dell\Documents\Atmel Studio\7.0\IRchinhThuc\IRchinhThuc\ArduinoCore\Debug\libArduinoCore.a(wiring_digital.o)
                0x0000007c                digital_pin_to_bit_mask_PGM
 .progmem.data.digital_pin_to_port_PGM
                0x00000090       0x14 c:\users\dell\Documents\Atmel Studio\7.0\IRchinhThuc\IRchinhThuc\ArduinoCore\Debug\libArduinoCore.a(wiring_digital.o)
                0x00000090                digital_pin_to_port_PGM
 .progmem.data.port_to_input_PGM
                0x000000a4        0xa c:\users\dell\Documents\Atmel Studio\7.0\IRchinhThuc\IRchinhThuc\ArduinoCore\Debug\libArduinoCore.a(wiring_digital.o)
                0x000000a4                port_to_input_PGM
 .progmem.data.port_to_output_PGM
                0x000000ae        0xa c:\users\dell\Documents\Atmel Studio\7.0\IRchinhThuc\IRchinhThuc\ArduinoCore\Debug\libArduinoCore.a(wiring_digital.o)
                0x000000ae                port_to_output_PGM
 .progmem.data.port_to_mode_PGM
                0x000000b8        0xa c:\users\dell\Documents\Atmel Studio\7.0\IRchinhThuc\IRchinhThuc\ArduinoCore\Debug\libArduinoCore.a(wiring_digital.o)
                0x000000b8                port_to_mode_PGM
                0x000000c2                . = ALIGN (0x2)
 *(.jumptables)
 *(.jumptables*)
 *(.lowtext)
 *(.lowtext*)
                0x000000c2                __ctors_start = .
 *(.ctors)
 .ctors         0x000000c2        0x2 Sketch.o
 .ctors         0x000000c4        0x2 c:\users\dell\Documents\Atmel Studio\7.0\IRchinhThuc\IRchinhThuc\ArduinoCore\Debug\libArduinoCore.a(HardwareSerial0.o)
                0x000000c6                __ctors_end = .
                0x000000c6                __dtors_start = .
 *(.dtors)
                0x000000c6                __dtors_end = .
 SORT(*)(.ctors)
 SORT(*)(.dtors)
 *(.init0)
 .init0         0x000000c6        0x0 C:/Program Files (x86)/Atmel/Studio/7.0/Packs/atmel/ATmega_DFP/1.6.364/gcc/dev/atmega328p/avr5/crtatmega328p.o
                0x000000c6                __init
 *(.init0)
 *(.init1)
 *(.init1)
 *(.init2)
 .init2         0x000000c6        0xc C:/Program Files (x86)/Atmel/Studio/7.0/Packs/atmel/ATmega_DFP/1.6.364/gcc/dev/atmega328p/avr5/crtatmega328p.o
 *(.init2)
 *(.init3)
 *(.init3)
 *(.init4)
 .init4         0x000000d2       0x16 c:/program files (x86)/atmel/studio/7.0/toolchain/avr8/avr8-gnu-toolchain/bin/../lib/gcc/avr/5.4.0/avr5\libgcc.a(_copy_data.o)
                0x000000d2                __do_copy_data
 .init4         0x000000e8       0x10 c:/program files (x86)/atmel/studio/7.0/toolchain/avr8/avr8-gnu-toolchain/bin/../lib/gcc/avr/5.4.0/avr5\libgcc.a(_clear_bss.o)
                0x000000e8                __do_clear_bss
 *(.init4)
 *(.init5)
 *(.init5)
 *(.init6)
 .init6         0x000000f8       0x16 c:/program files (x86)/atmel/studio/7.0/toolchain/avr8/avr8-gnu-toolchain/bin/../lib/gcc/avr/5.4.0/avr5\libgcc.a(_ctors.o)
                0x000000f8                __do_global_ctors
 *(.init6)
 *(.init7)
 *(.init7)
 *(.init8)
 *(.init8)
 *(.init9)
 .init9         0x0000010e        0x8 C:/Program Files (x86)/Atmel/Studio/7.0/Packs/atmel/ATmega_DFP/1.6.364/gcc/dev/atmega328p/avr5/crtatmega328p.o
 *(.init9)
 *(.text)
 .text          0x00000116        0x4 C:/Program Files (x86)/Atmel/Studio/7.0/Packs/atmel/ATmega_DFP/1.6.364/gcc/dev/atmega328p/avr5/crtatmega328p.o
                0x00000116                __vector_22
                0x00000116                __vector_24
                0x00000116                __vector_12
                0x00000116                __bad_interrupt
                0x00000116                __vector_6
                0x00000116                __vector_3
                0x00000116                __vector_23
                0x00000116                __vector_25
                0x00000116                __vector_11
                0x00000116                __vector_13
                0x00000116                __vector_17
                0x00000116                __vector_7
                0x00000116                __vector_5
                0x00000116                __vector_4
                0x00000116                __vector_9
                0x00000116                __vector_21
                0x00000116                __vector_15
                0x00000116                __vector_8
                0x00000116                __vector_14
                0x00000116                __vector_10
                0x00000116                __vector_20
                0x0000011a                . = ALIGN (0x2)
 *(.text.*)
 .text._ZN9IRsendRaw4sendEPjjh
                0x0000011a       0x8a Sketch.o
                0x0000011a                _ZN9IRsendRaw4sendEPjjh
 .text.setup    0x000001a4       0x2e Sketch.o
                0x000001a4                setup
 .text._Z8CompressPhPjS0_S0_
                0x000001d2       0x80 Sketch.o
                0x000001d2                _Z8CompressPhPjS0_S0_
 .text._Z7ExtractPhPjS0_S0_
                0x00000252       0xa0 Sketch.o
                0x00000252                _Z7ExtractPhPjS0_S0_
 .text._Z23SaveOnSignal_IntoEEPROMv
                0x000002f2       0x5a Sketch.o
                0x000002f2                _Z23SaveOnSignal_IntoEEPROMv
 .text._Z24SaveOffSignal_IntoEEPROMv
                0x0000034c       0x5c Sketch.o
                0x0000034c                _Z24SaveOffSignal_IntoEEPROMv
 .text._Z20RestoreOn_FromEEPROMv
                0x000003a8       0x68 Sketch.o
                0x000003a8                _Z20RestoreOn_FromEEPROMv
 .text._Z16OnAirConditionerv
                0x00000410       0x3a Sketch.o
                0x00000410                _Z16OnAirConditionerv
 .text._Z21RestoreOff_FromEEPROMv
                0x0000044a       0x6a Sketch.o
                0x0000044a                _Z21RestoreOff_FromEEPROMv
 .text._Z17OffAirConditionerv
                0x000004b4       0x8a Sketch.o
                0x000004b4                _Z17OffAirConditionerv
 .text.startup._GLOBAL__sub_I_mySender
                0x0000053e       0x1e Sketch.o
 .text._Z15ReceiveOnSignalv
                0x0000055c       0xfa Sketch.o
                0x0000055c                _Z15ReceiveOnSignalv
 .text._Z16ReceiveOffSignalv
                0x00000656       0xda Sketch.o
                0x00000656                _Z16ReceiveOffSignalv
 .text.loop     0x00000730       0x72 Sketch.o
                0x00000730                loop
 .text._ZN14HardwareSerial9availableEv
                0x000007a2       0x18 c:\users\dell\Documents\Atmel Studio\7.0\IRchinhThuc\IRchinhThuc\ArduinoCore\Debug\libArduinoCore.a(HardwareSerial.o)
                0x000007a2                _ZN14HardwareSerial9availableEv
 .text._ZN14HardwareSerial4peekEv
                0x000007ba       0x1c c:\users\dell\Documents\Atmel Studio\7.0\IRchinhThuc\IRchinhThuc\ArduinoCore\Debug\libArduinoCore.a(HardwareSerial.o)
                0x000007ba                _ZN14HardwareSerial4peekEv
 .text._ZN14HardwareSerial4readEv
                0x000007d6       0x28 c:\users\dell\Documents\Atmel Studio\7.0\IRchinhThuc\IRchinhThuc\ArduinoCore\Debug\libArduinoCore.a(HardwareSerial.o)
                0x000007d6                _ZN14HardwareSerial4readEv
 .text._ZN14HardwareSerial17availableForWriteEv
                0x000007fe       0x1e c:\users\dell\Documents\Atmel Studio\7.0\IRchinhThuc\IRchinhThuc\ArduinoCore\Debug\libArduinoCore.a(HardwareSerial.o)
                0x000007fe                _ZN14HardwareSerial17availableForWriteEv
 .text._Z14serialEventRunv
                0x0000081c       0x1c c:\users\dell\Documents\Atmel Studio\7.0\IRchinhThuc\IRchinhThuc\ArduinoCore\Debug\libArduinoCore.a(HardwareSerial.o)
                0x0000081c                _Z14serialEventRunv
 .text._ZN14HardwareSerial17_tx_udr_empty_irqEv
                0x00000838       0x44 c:\users\dell\Documents\Atmel Studio\7.0\IRchinhThuc\IRchinhThuc\ArduinoCore\Debug\libArduinoCore.a(HardwareSerial.o)
                0x00000838                _ZN14HardwareSerial17_tx_udr_empty_irqEv
 .text._ZN14HardwareSerial5writeEh
                0x0000087c       0x9a c:\users\dell\Documents\Atmel Studio\7.0\IRchinhThuc\IRchinhThuc\ArduinoCore\Debug\libArduinoCore.a(HardwareSerial.o)
                0x0000087c                _ZN14HardwareSerial5writeEh
 .text._ZN14HardwareSerial5flushEv
                0x00000916       0x44 c:\users\dell\Documents\Atmel Studio\7.0\IRchinhThuc\IRchinhThuc\ArduinoCore\Debug\libArduinoCore.a(HardwareSerial.o)
                0x00000916                _ZN14HardwareSerial5flushEv
 .text._ZN14HardwareSerial5beginEmh
                0x0000095a       0xca c:\users\dell\Documents\Atmel Studio\7.0\IRchinhThuc\IRchinhThuc\ArduinoCore\Debug\libArduinoCore.a(HardwareSerial.o)
                0x0000095a                _ZN14HardwareSerial5beginEmh
 .text.__vector_18
                0x00000a24       0x64 c:\users\dell\Documents\Atmel Studio\7.0\IRchinhThuc\IRchinhThuc\ArduinoCore\Debug\libArduinoCore.a(HardwareSerial0.o)
                0x00000a24                __vector_18
 .text.__vector_19
                0x00000a88       0x4c c:\users\dell\Documents\Atmel Studio\7.0\IRchinhThuc\IRchinhThuc\ArduinoCore\Debug\libArduinoCore.a(HardwareSerial0.o)
                0x00000a88                __vector_19
 .text._Z17Serial0_availablev
                0x00000ad4       0x14 c:\users\dell\Documents\Atmel Studio\7.0\IRchinhThuc\IRchinhThuc\ArduinoCore\Debug\libArduinoCore.a(HardwareSerial0.o)
                0x00000ad4                _Z17Serial0_availablev
 .text.startup._GLOBAL__sub_I___vector_18
                0x00000ae8       0x5a c:\users\dell\Documents\Atmel Studio\7.0\IRchinhThuc\IRchinhThuc\ArduinoCore\Debug\libArduinoCore.a(HardwareSerial0.o)
 .text.initVariant
                0x00000b42        0x2 c:\users\dell\Documents\Atmel Studio\7.0\IRchinhThuc\IRchinhThuc\ArduinoCore\Debug\libArduinoCore.a(main.o)
                0x00000b42                initVariant
 .text.startup.main
                0x00000b44       0x1e c:\users\dell\Documents\Atmel Studio\7.0\IRchinhThuc\IRchinhThuc\ArduinoCore\Debug\libArduinoCore.a(main.o)
                0x00000b44                main
 .text._ZN5Print5writeEPKhj
                0x00000b62       0x54 c:\users\dell\Documents\Atmel Studio\7.0\IRchinhThuc\IRchinhThuc\ArduinoCore\Debug\libArduinoCore.a(Print.o)
                0x00000b62                _ZN5Print5writeEPKhj
 .text._ZN5Print5writeEPKc
                0x00000bb6       0x2a c:\users\dell\Documents\Atmel Studio\7.0\IRchinhThuc\IRchinhThuc\ArduinoCore\Debug\libArduinoCore.a(Print.o)
                0x00000bb6                _ZN5Print5writeEPKc
 .text._ZN5Print5printEPKc
                0x00000be0        0x4 c:\users\dell\Documents\Atmel Studio\7.0\IRchinhThuc\IRchinhThuc\ArduinoCore\Debug\libArduinoCore.a(Print.o)
                0x00000be0                _ZN5Print5printEPKc
 .text._ZN5Print5printEc
                0x00000be4        0xe c:\users\dell\Documents\Atmel Studio\7.0\IRchinhThuc\IRchinhThuc\ArduinoCore\Debug\libArduinoCore.a(Print.o)
                0x00000be4                _ZN5Print5printEc
 .text._ZN5Print11printNumberEmh
                0x00000bf2       0x92 c:\users\dell\Documents\Atmel Studio\7.0\IRchinhThuc\IRchinhThuc\ArduinoCore\Debug\libArduinoCore.a(Print.o)
                0x00000bf2                _ZN5Print11printNumberEmh
 .text._ZN5Print5printEmi
                0x00000c84       0x1a c:\users\dell\Documents\Atmel Studio\7.0\IRchinhThuc\IRchinhThuc\ArduinoCore\Debug\libArduinoCore.a(Print.o)
                0x00000c84                _ZN5Print5printEmi
 .text._ZN5Print5printEji
                0x00000c9e        0xc c:\users\dell\Documents\Atmel Studio\7.0\IRchinhThuc\IRchinhThuc\ArduinoCore\Debug\libArduinoCore.a(Print.o)
                0x00000c9e                _ZN5Print5printEji
 .text._ZN5Print5printEli
                0x00000caa       0x90 c:\users\dell\Documents\Atmel Studio\7.0\IRchinhThuc\IRchinhThuc\ArduinoCore\Debug\libArduinoCore.a(Print.o)
                0x00000caa                _ZN5Print5printEli
 .text._ZN5Print5printEii
                0x00000d3a        0xe c:\users\dell\Documents\Atmel Studio\7.0\IRchinhThuc\IRchinhThuc\ArduinoCore\Debug\libArduinoCore.a(Print.o)
                0x00000d3a                _ZN5Print5printEii
 .text.__vector_16
                0x00000d48       0x94 c:\users\dell\Documents\Atmel Studio\7.0\IRchinhThuc\IRchinhThuc\ArduinoCore\Debug\libArduinoCore.a(wiring.o)
                0x00000d48                __vector_16
 .text.micros   0x00000ddc       0x4a c:\users\dell\Documents\Atmel Studio\7.0\IRchinhThuc\IRchinhThuc\ArduinoCore\Debug\libArduinoCore.a(wiring.o)
                0x00000ddc                micros
 .text.delay    0x00000e26       0x78 c:\users\dell\Documents\Atmel Studio\7.0\IRchinhThuc\IRchinhThuc\ArduinoCore\Debug\libArduinoCore.a(wiring.o)
                0x00000e26                delay
 .text.delayMicroseconds
                0x00000e9e       0x16 c:\users\dell\Documents\Atmel Studio\7.0\IRchinhThuc\IRchinhThuc\ArduinoCore\Debug\libArduinoCore.a(wiring.o)
                0x00000e9e                delayMicroseconds
 .text.init     0x00000eb4       0x76 c:\users\dell\Documents\Atmel Studio\7.0\IRchinhThuc\IRchinhThuc\ArduinoCore\Debug\libArduinoCore.a(wiring.o)
                0x00000eb4                init
 .text._ZN10IRrecvBase11disableIRInEv
                0x00000f2a       0x10 c:\users\dell\Documents\Atmel Studio\7.0\IRchinhThuc\IRchinhThuc\ArduinoCore\Debug\libArduinoCore.a(IRLibRecvBase.o)
                0x00000f2a                _ZN10IRrecvBase11disableIRInEv
 .text._ZN10IRrecvBase10enableIRInEv
                0x00000f3a       0x1e c:\users\dell\Documents\Atmel Studio\7.0\IRchinhThuc\IRchinhThuc\ArduinoCore\Debug\libArduinoCore.a(IRLibRecvBase.o)
                0x00000f3a                _ZN10IRrecvBase10enableIRInEv
 .text._ZN10IRrecvBase4initEv
                0x00000f58       0x3e c:\users\dell\Documents\Atmel Studio\7.0\IRchinhThuc\IRchinhThuc\ArduinoCore\Debug\libArduinoCore.a(IRLibRecvBase.o)
                0x00000f58                _ZN10IRrecvBase4initEv
 .text._ZN10IRrecvBase10getResultsEj
                0x00000f96       0x98 c:\users\dell\Documents\Atmel Studio\7.0\IRchinhThuc\IRchinhThuc\ArduinoCore\Debug\libArduinoCore.a(IRLibRecvBase.o)
                0x00000f96                _ZN10IRrecvBase10getResultsEj
 .text._ZN10IRrecvBase15setFrameTimeoutEj
                0x0000102e        0xa c:\users\dell\Documents\Atmel Studio\7.0\IRchinhThuc\IRchinhThuc\ArduinoCore\Debug\libArduinoCore.a(IRLibRecvBase.o)
                0x0000102e                _ZN10IRrecvBase15setFrameTimeoutEj
 .text._Z20IRLib_IRrecvCompleteh
                0x00001038       0x62 c:\users\dell\Documents\Atmel Studio\7.0\IRchinhThuc\IRchinhThuc\ArduinoCore\Debug\libArduinoCore.a(IRLibRecvBase.o)
                0x00001038                _Z20IRLib_IRrecvCompleteh
 .text._Z13IRLib_doBlinkv
                0x0000109a       0x22 c:\users\dell\Documents\Atmel Studio\7.0\IRchinhThuc\IRchinhThuc\ArduinoCore\Debug\libArduinoCore.a(IRLibRecvBase.o)
                0x0000109a                _Z13IRLib_doBlinkv
 .text._ZN10IRsendBase11enableIROutEh
                0x000010bc       0x56 c:\users\dell\Documents\Atmel Studio\7.0\IRchinhThuc\IRchinhThuc\ArduinoCore\Debug\libArduinoCore.a(IRLibSendBase.o)
                0x000010bc                _ZN10IRsendBase11enableIROutEh
 .text._ZN10IRsendBaseC2Ev
                0x00001112       0x10 c:\users\dell\Documents\Atmel Studio\7.0\IRchinhThuc\IRchinhThuc\ArduinoCore\Debug\libArduinoCore.a(IRLibSendBase.o)
                0x00001112                _ZN10IRsendBaseC2Ev
                0x00001112                _ZN10IRsendBaseC1Ev
 .text._Z15IRLibDelayUSecsj
                0x00001122       0x3a c:\users\dell\Documents\Atmel Studio\7.0\IRchinhThuc\IRchinhThuc\ArduinoCore\Debug\libArduinoCore.a(IRLibSendBase.o)
                0x00001122                _Z15IRLibDelayUSecsj
 .text._ZN10IRsendBase4markEj
                0x0000115c       0x3e c:\users\dell\Documents\Atmel Studio\7.0\IRchinhThuc\IRchinhThuc\ArduinoCore\Debug\libArduinoCore.a(IRLibSendBase.o)
                0x0000115c                _ZN10IRsendBase4markEj
 .text._ZN10IRsendBase5spaceEj
                0x0000119a       0x3e c:\users\dell\Documents\Atmel Studio\7.0\IRchinhThuc\IRchinhThuc\ArduinoCore\Debug\libArduinoCore.a(IRLibSendBase.o)
                0x0000119a                _ZN10IRsendBase5spaceEj
 .text._ZN9IRrecvPCI11disableIRInEv
                0x000011d8       0x16 c:\users\dell\Documents\Atmel Studio\7.0\IRchinhThuc\IRchinhThuc\ArduinoCore\Debug\libArduinoCore.a(IRLibRecvPCI.o)
                0x000011d8                _ZN9IRrecvPCI11disableIRInEv
 .text._Z17IRrecvPCI_Handlerv
                0x000011ee       0xf0 c:\users\dell\Documents\Atmel Studio\7.0\IRchinhThuc\IRchinhThuc\ArduinoCore\Debug\libArduinoCore.a(IRLibRecvPCI.o)
                0x000011ee                _Z17IRrecvPCI_Handlerv
 .text._ZN9IRrecvPCI10enableIRInEv
                0x000012de       0x54 c:\users\dell\Documents\Atmel Studio\7.0\IRchinhThuc\IRchinhThuc\ArduinoCore\Debug\libArduinoCore.a(IRLibRecvPCI.o)
                0x000012de                _ZN9IRrecvPCI10enableIRInEv
 .text._ZN9IRrecvPCIC2Eh
                0x00001332       0x3c c:\users\dell\Documents\Atmel Studio\7.0\IRchinhThuc\IRchinhThuc\ArduinoCore\Debug\libArduinoCore.a(IRLibRecvPCI.o)
                0x00001332                _ZN9IRrecvPCIC1Eh
                0x00001332                _ZN9IRrecvPCIC2Eh
 .text._ZN9IRrecvPCI10getResultsEv
                0x0000136e       0x94 c:\users\dell\Documents\Atmel Studio\7.0\IRchinhThuc\IRchinhThuc\ArduinoCore\Debug\libArduinoCore.a(IRLibRecvPCI.o)
                0x0000136e                _ZN9IRrecvPCI10getResultsEv
 .text.__empty  0x00001402        0x2 c:\users\dell\Documents\Atmel Studio\7.0\IRchinhThuc\IRchinhThuc\ArduinoCore\Debug\libArduinoCore.a(hooks.o)
                0x00001402                yield
 .text.nothing  0x00001404        0x2 c:\users\dell\Documents\Atmel Studio\7.0\IRchinhThuc\IRchinhThuc\ArduinoCore\Debug\libArduinoCore.a(WInterrupts.o)
 .text.attachInterrupt
                0x00001406       0x40 c:\users\dell\Documents\Atmel Studio\7.0\IRchinhThuc\IRchinhThuc\ArduinoCore\Debug\libArduinoCore.a(WInterrupts.o)
                0x00001406                attachInterrupt
 .text.detachInterrupt
                0x00001446       0x24 c:\users\dell\Documents\Atmel Studio\7.0\IRchinhThuc\IRchinhThuc\ArduinoCore\Debug\libArduinoCore.a(WInterrupts.o)
                0x00001446                detachInterrupt
 .text.__vector_1
                0x0000146a       0x4e c:\users\dell\Documents\Atmel Studio\7.0\IRchinhThuc\IRchinhThuc\ArduinoCore\Debug\libArduinoCore.a(WInterrupts.o)
                0x0000146a                __vector_1
 .text.__vector_2
                0x000014b8       0x4e c:\users\dell\Documents\Atmel Studio\7.0\IRchinhThuc\IRchinhThuc\ArduinoCore\Debug\libArduinoCore.a(WInterrupts.o)
                0x000014b8                __vector_2
 .text.turnOffPWM
                0x00001506       0x52 c:\users\dell\Documents\Atmel Studio\7.0\IRchinhThuc\IRchinhThuc\ArduinoCore\Debug\libArduinoCore.a(wiring_digital.o)
 .text.pinMode  0x00001558       0x78 c:\users\dell\Documents\Atmel Studio\7.0\IRchinhThuc\IRchinhThuc\ArduinoCore\Debug\libArduinoCore.a(wiring_digital.o)
                0x00001558                pinMode
 .text.digitalWrite
                0x000015d0       0x5e c:\users\dell\Documents\Atmel Studio\7.0\IRchinhThuc\IRchinhThuc\ArduinoCore\Debug\libArduinoCore.a(wiring_digital.o)
                0x000015d0                digitalWrite
 .text.digitalRead
                0x0000162e       0x52 c:\users\dell\Documents\Atmel Studio\7.0\IRchinhThuc\IRchinhThuc\ArduinoCore\Debug\libArduinoCore.a(wiring_digital.o)
                0x0000162e                digitalRead
 .text.libgcc.div
                0x00001680       0x28 c:/program files (x86)/atmel/studio/7.0/toolchain/avr8/avr8-gnu-toolchain/bin/../lib/gcc/avr/5.4.0/avr5\libgcc.a(_udivmodhi4.o)
                0x00001680                __udivmodhi4
 .text.libgcc.div
                0x000016a8       0x44 c:/program files (x86)/atmel/studio/7.0/toolchain/avr8/avr8-gnu-toolchain/bin/../lib/gcc/avr/5.4.0/avr5\libgcc.a(_udivmodsi4.o)
                0x000016a8                __udivmodsi4
 .text.libgcc.div
                0x000016ec       0x2e c:/program files (x86)/atmel/studio/7.0/toolchain/avr8/avr8-gnu-toolchain/bin/../lib/gcc/avr/5.4.0/avr5\libgcc.a(_divmodsi4.o)
                0x000016ec                __divmodsi4
 .text.libgcc.div
                0x0000171a       0x10 c:/program files (x86)/atmel/studio/7.0/toolchain/avr8/avr8-gnu-toolchain/bin/../lib/gcc/avr/5.4.0/avr5\libgcc.a(_negsi2.o)
                0x0000171a                __negsi2
 .text.libgcc   0x0000172a        0xc c:/program files (x86)/atmel/studio/7.0/toolchain/avr8/avr8-gnu-toolchain/bin/../lib/gcc/avr/5.4.0/avr5\libgcc.a(_tablejump2.o)
                0x0000172a                __tablejump2__
 .text.avr-libc
                0x00001736       0x12 c:/program files (x86)/atmel/studio/7.0/toolchain/avr8/avr8-gnu-toolchain/bin/../lib/gcc/avr/5.4.0/../../../../avr/lib/avr5\libc.a(memcpy.o)
                0x00001736                memcpy
 .text.avr-libc
                0x00001748       0x10 C:/Program Files (x86)/Atmel/Studio/7.0/Packs/atmel/ATmega_DFP/1.6.364/gcc/dev/atmega328p/avr5\libatmega328p.a(eerd_byte.o)
                0x00001748                eeprom_read_byte
 .text.avr-libc
                0x00001758       0x1c C:/Program Files (x86)/Atmel/Studio/7.0/Packs/atmel/ATmega_DFP/1.6.364/gcc/dev/atmega328p/avr5\libatmega328p.a(eewr_byte.o)
                0x00001758                eeprom_write_byte
                0x0000175a                eeprom_write_r18
                0x00001774                . = ALIGN (0x2)
 *(.fini9)
 .fini9         0x00001774        0x0 c:/program files (x86)/atmel/studio/7.0/toolchain/avr8/avr8-gnu-toolchain/bin/../lib/gcc/avr/5.4.0/avr5\libgcc.a(_exit.o)
                0x00001774                _exit
                0x00001774                exit
 *(.fini9)
 *(.fini8)
 *(.fini8)
 *(.fini7)
 *(.fini7)
 *(.fini6)
 *(.fini6)
 *(.fini5)
 *(.fini5)
 *(.fini4)
 *(.fini4)
 *(.fini3)
 *(.fini3)
 *(.fini2)
 *(.fini2)
 *(.fini1)
 *(.fini1)
 *(.fini0)
 .fini0         0x00001774        0x4 c:/program files (x86)/atmel/studio/7.0/toolchain/avr8/avr8-gnu-toolchain/bin/../lib/gcc/avr/5.4.0/avr5\libgcc.a(_exit.o)
 *(.fini0)
                0x00001778                _etext = .

.data           0x00800100      0x1b2 load address 0x00001778
                0x00800100                PROVIDE (__data_start, .)
 *(.data)
 *(.data*)
 .data.intFunc  0x00800100        0x4 c:\users\dell\Documents\Atmel Studio\7.0\IRchinhThuc\IRchinhThuc\ArduinoCore\Debug\libArduinoCore.a(WInterrupts.o)
 *(.gnu.linkonce.d*)
 *(.rodata)
 *(.rodata*)
 .rodata.str1.1
                0x00800104      0x18b Sketch.o
                                0x18d (size before relaxing)
 .rodata._ZTT9IRsendRaw
                0x0080028f        0x2 Sketch.o
                0x0080028f                _ZTT9IRsendRaw
 .rodata._ZTV9IRsendRaw
                0x00800291        0x6 Sketch.o
                0x00800291                _ZTV9IRsendRaw
 .rodata._ZTV14HardwareSerial
                0x00800297       0x12 c:\users\dell\Documents\Atmel Studio\7.0\IRchinhThuc\IRchinhThuc\ArduinoCore\Debug\libArduinoCore.a(HardwareSerial.o)
                0x00800297                _ZTV14HardwareSerial
 .rodata._ZTV9IRrecvPCI
                0x008002a9        0x8 c:\users\dell\Documents\Atmel Studio\7.0\IRchinhThuc\IRchinhThuc\ArduinoCore\Debug\libArduinoCore.a(IRLibRecvPCI.o)
                0x008002a9                _ZTV9IRrecvPCI
 *(.gnu.linkonce.r*)
                0x008002b2                . = ALIGN (0x2)
 *fill*         0x008002b1        0x1 
                0x008002b2                _edata = .
                0x008002b2                PROVIDE (__data_end, .)

.bss            0x008002b2      0x60a
                0x008002b2                PROVIDE (__bss_start, .)
 *(.bss)
 *(.bss*)
 .bss.g_countOff
                0x008002b2        0x2 Sketch.o
                0x008002b2                g_countOff
 .bss.g_countOn
                0x008002b4        0x2 Sketch.o
                0x008002b4                g_countOn
 .bss.g_ui8compressedSignal
                0x008002b6      0x1c2 Sketch.o
                0x008002b6                g_ui8compressedSignal
 .bss.MyReceiver
                0x00800478        0x5 Sketch.o
                0x00800478                MyReceiver
 .bss.mySender  0x0080047d        0x9 Sketch.o
                0x0080047d                mySender
 .bss.Serial    0x00800486       0x9d c:\users\dell\Documents\Atmel Studio\7.0\IRchinhThuc\IRchinhThuc\ArduinoCore\Debug\libArduinoCore.a(HardwareSerial0.o)
                0x00800486                Serial
 .bss.timer0_fract
                0x00800523        0x1 c:\users\dell\Documents\Atmel Studio\7.0\IRchinhThuc\IRchinhThuc\ArduinoCore\Debug\libArduinoCore.a(wiring.o)
 .bss.timer0_millis
                0x00800524        0x4 c:\users\dell\Documents\Atmel Studio\7.0\IRchinhThuc\IRchinhThuc\ArduinoCore\Debug\libArduinoCore.a(wiring.o)
                0x00800524                timer0_millis
 .bss.timer0_overflow_count
                0x00800528        0x4 c:\users\dell\Documents\Atmel Studio\7.0\IRchinhThuc\IRchinhThuc\ArduinoCore\Debug\libArduinoCore.a(wiring.o)
                0x00800528                timer0_overflow_count
 .bss.recvGlobal
                0x0080052c      0x38f c:\users\dell\Documents\Atmel Studio\7.0\IRchinhThuc\IRchinhThuc\ArduinoCore\Debug\libArduinoCore.a(IRLibRecvBase.o)
                0x0080052c                recvGlobal
 .bss.IRLib_didIROut
                0x008008bb        0x1 c:\users\dell\Documents\Atmel Studio\7.0\IRchinhThuc\IRchinhThuc\ArduinoCore\Debug\libArduinoCore.a(IRLibHardware.o)
                0x008008bb                IRLib_didIROut
 *(COMMON)
                0x008008bc                PROVIDE (__bss_end, .)
                0x00001778                __data_load_start = LOADADDR (.data)
                0x0000192a                __data_load_end = (__data_load_start + SIZEOF (.data))

.noinit         0x008008bc        0x0
                [!provide]                PROVIDE (__noinit_start, .)
 *(.noinit*)
                [!provide]                PROVIDE (__noinit_end, .)
                0x008008bc                _end = .
                [!provide]                PROVIDE (__heap_start, .)

.eeprom         0x00810000        0x0
 *(.eeprom*)
                0x00810000                __eeprom_end = .

.fuse
 *(.fuse)
 *(.lfuse)
 *(.hfuse)
 *(.efuse)

.lock
 *(.lock*)

.signature
 *(.signature*)

.user_signatures
 *(.user_signatures*)

.stab
 *(.stab)

.stabstr
 *(.stabstr)

.stab.excl
 *(.stab.excl)

.stab.exclstr
 *(.stab.exclstr)

.stab.index
 *(.stab.index)

.stab.indexstr
 *(.stab.indexstr)

.comment        0x00000000       0x30
 *(.comment)
 .comment       0x00000000       0x30 Sketch.o
                                 0x31 (size before relaxing)
 .comment       0x00000030       0x31 c:\users\dell\Documents\Atmel Studio\7.0\IRchinhThuc\IRchinhThuc\ArduinoCore\Debug\libArduinoCore.a(HardwareSerial.o)
 .comment       0x00000030       0x31 c:\users\dell\Documents\Atmel Studio\7.0\IRchinhThuc\IRchinhThuc\ArduinoCore\Debug\libArduinoCore.a(HardwareSerial0.o)
 .comment       0x00000030       0x31 c:\users\dell\Documents\Atmel Studio\7.0\IRchinhThuc\IRchinhThuc\ArduinoCore\Debug\libArduinoCore.a(main.o)
 .comment       0x00000030       0x31 c:\users\dell\Documents\Atmel Studio\7.0\IRchinhThuc\IRchinhThuc\ArduinoCore\Debug\libArduinoCore.a(Print.o)
 .comment       0x00000030       0x31 c:\users\dell\Documents\Atmel Studio\7.0\IRchinhThuc\IRchinhThuc\ArduinoCore\Debug\libArduinoCore.a(wiring.o)
 .comment       0x00000030       0x31 c:\users\dell\Documents\Atmel Studio\7.0\IRchinhThuc\IRchinhThuc\ArduinoCore\Debug\libArduinoCore.a(IRLibRecvBase.o)
 .comment       0x00000030       0x31 c:\users\dell\Documents\Atmel Studio\7.0\IRchinhThuc\IRchinhThuc\ArduinoCore\Debug\libArduinoCore.a(IRLibHardware.o)
 .comment       0x00000030       0x31 c:\users\dell\Documents\Atmel Studio\7.0\IRchinhThuc\IRchinhThuc\ArduinoCore\Debug\libArduinoCore.a(IRLibSendBase.o)
 .comment       0x00000030       0x31 c:\users\dell\Documents\Atmel Studio\7.0\IRchinhThuc\IRchinhThuc\ArduinoCore\Debug\libArduinoCore.a(IRLibRecvPCI.o)
 .comment       0x00000030       0x31 c:\users\dell\Documents\Atmel Studio\7.0\IRchinhThuc\IRchinhThuc\ArduinoCore\Debug\libArduinoCore.a(hooks.o)
 .comment       0x00000030       0x31 c:\users\dell\Documents\Atmel Studio\7.0\IRchinhThuc\IRchinhThuc\ArduinoCore\Debug\libArduinoCore.a(WInterrupts.o)
 .comment       0x00000030       0x31 c:\users\dell\Documents\Atmel Studio\7.0\IRchinhThuc\IRchinhThuc\ArduinoCore\Debug\libArduinoCore.a(wiring_digital.o)

.note.gnu.avr.deviceinfo
                0x00000000       0x40
 .note.gnu.avr.deviceinfo
                0x00000000       0x40 C:/Program Files (x86)/Atmel/Studio/7.0/Packs/atmel/ATmega_DFP/1.6.364/gcc/dev/atmega328p/avr5/crtatmega328p.o

.note.gnu.build-id
 *(.note.gnu.build-id)

.debug
 *(.debug)

.line
 *(.line)

.debug_srcinfo
 *(.debug_srcinfo)

.debug_sfnames
 *(.debug_sfnames)

.debug_aranges  0x00000000      0x498
 *(.debug_aranges)
 .debug_aranges
                0x00000000       0x88 Sketch.o
 .debug_aranges
                0x00000088       0x68 c:\users\dell\Documents\Atmel Studio\7.0\IRchinhThuc\IRchinhThuc\ArduinoCore\Debug\libArduinoCore.a(HardwareSerial.o)
 .debug_aranges
                0x000000f0       0x48 c:\users\dell\Documents\Atmel Studio\7.0\IRchinhThuc\IRchinhThuc\ArduinoCore\Debug\libArduinoCore.a(HardwareSerial0.o)
 .debug_aranges
                0x00000138       0x30 c:\users\dell\Documents\Atmel Studio\7.0\IRchinhThuc\IRchinhThuc\ArduinoCore\Debug\libArduinoCore.a(main.o)
 .debug_aranges
                0x00000168      0x100 c:\users\dell\Documents\Atmel Studio\7.0\IRchinhThuc\IRchinhThuc\ArduinoCore\Debug\libArduinoCore.a(Print.o)
 .debug_aranges
                0x00000268       0x48 c:\users\dell\Documents\Atmel Studio\7.0\IRchinhThuc\IRchinhThuc\ArduinoCore\Debug\libArduinoCore.a(wiring.o)
 .debug_aranges
                0x000002b0       0x70 c:\users\dell\Documents\Atmel Studio\7.0\IRchinhThuc\IRchinhThuc\ArduinoCore\Debug\libArduinoCore.a(IRLibRecvBase.o)
 .debug_aranges
                0x00000320       0x18 c:\users\dell\Documents\Atmel Studio\7.0\IRchinhThuc\IRchinhThuc\ArduinoCore\Debug\libArduinoCore.a(IRLibHardware.o)
 .debug_aranges
                0x00000338       0x48 c:\users\dell\Documents\Atmel Studio\7.0\IRchinhThuc\IRchinhThuc\ArduinoCore\Debug\libArduinoCore.a(IRLibSendBase.o)
 .debug_aranges
                0x00000380       0x40 c:\users\dell\Documents\Atmel Studio\7.0\IRchinhThuc\IRchinhThuc\ArduinoCore\Debug\libArduinoCore.a(IRLibRecvPCI.o)
 .debug_aranges
                0x000003c0       0x20 c:\users\dell\Documents\Atmel Studio\7.0\IRchinhThuc\IRchinhThuc\ArduinoCore\Debug\libArduinoCore.a(hooks.o)
 .debug_aranges
                0x000003e0       0x40 c:\users\dell\Documents\Atmel Studio\7.0\IRchinhThuc\IRchinhThuc\ArduinoCore\Debug\libArduinoCore.a(WInterrupts.o)
 .debug_aranges
                0x00000420       0x38 c:\users\dell\Documents\Atmel Studio\7.0\IRchinhThuc\IRchinhThuc\ArduinoCore\Debug\libArduinoCore.a(wiring_digital.o)
 .debug_aranges
                0x00000458       0x20 C:/Program Files (x86)/Atmel/Studio/7.0/Packs/atmel/ATmega_DFP/1.6.364/gcc/dev/atmega328p/avr5\libatmega328p.a(eerd_byte.o)
 .debug_aranges
                0x00000478       0x20 C:/Program Files (x86)/Atmel/Studio/7.0/Packs/atmel/ATmega_DFP/1.6.364/gcc/dev/atmega328p/avr5\libatmega328p.a(eewr_byte.o)

.debug_pubnames
 *(.debug_pubnames)

.debug_info     0x00000000     0xa960
 *(.debug_info .gnu.linkonce.wi.*)
 .debug_info    0x00000000      0x5f4 C:/Program Files (x86)/Atmel/Studio/7.0/Packs/atmel/ATmega_DFP/1.6.364/gcc/dev/atmega328p/avr5/crtatmega328p.o
 .debug_info    0x000005f4     0x1a55 Sketch.o
 .debug_info    0x00002049     0x1f64 c:\users\dell\Documents\Atmel Studio\7.0\IRchinhThuc\IRchinhThuc\ArduinoCore\Debug\libArduinoCore.a(HardwareSerial.o)
 .debug_info    0x00003fad     0x1b16 c:\users\dell\Documents\Atmel Studio\7.0\IRchinhThuc\IRchinhThuc\ArduinoCore\Debug\libArduinoCore.a(HardwareSerial0.o)
 .debug_info    0x00005ac3      0x237 c:\users\dell\Documents\Atmel Studio\7.0\IRchinhThuc\IRchinhThuc\ArduinoCore\Debug\libArduinoCore.a(main.o)
 .debug_info    0x00005cfa     0x28ff c:\users\dell\Documents\Atmel Studio\7.0\IRchinhThuc\IRchinhThuc\ArduinoCore\Debug\libArduinoCore.a(Print.o)
 .debug_info    0x000085f9      0x2cb c:\users\dell\Documents\Atmel Studio\7.0\IRchinhThuc\IRchinhThuc\ArduinoCore\Debug\libArduinoCore.a(wiring.o)
 .debug_info    0x000088c4      0x79e c:\users\dell\Documents\Atmel Studio\7.0\IRchinhThuc\IRchinhThuc\ArduinoCore\Debug\libArduinoCore.a(IRLibRecvBase.o)
 .debug_info    0x00009062      0x169 c:\users\dell\Documents\Atmel Studio\7.0\IRchinhThuc\IRchinhThuc\ArduinoCore\Debug\libArduinoCore.a(IRLibHardware.o)
 .debug_info    0x000091cb      0x6e2 c:\users\dell\Documents\Atmel Studio\7.0\IRchinhThuc\IRchinhThuc\ArduinoCore\Debug\libArduinoCore.a(IRLibSendBase.o)
 .debug_info    0x000098ad      0x727 c:\users\dell\Documents\Atmel Studio\7.0\IRchinhThuc\IRchinhThuc\ArduinoCore\Debug\libArduinoCore.a(IRLibRecvPCI.o)
 .debug_info    0x00009fd4       0x3e c:\users\dell\Documents\Atmel Studio\7.0\IRchinhThuc\IRchinhThuc\ArduinoCore\Debug\libArduinoCore.a(hooks.o)
 .debug_info    0x0000a012      0x21c c:\users\dell\Documents\Atmel Studio\7.0\IRchinhThuc\IRchinhThuc\ArduinoCore\Debug\libArduinoCore.a(WInterrupts.o)
 .debug_info    0x0000a22e      0x5fe c:\users\dell\Documents\Atmel Studio\7.0\IRchinhThuc\IRchinhThuc\ArduinoCore\Debug\libArduinoCore.a(wiring_digital.o)
 .debug_info    0x0000a82c       0x9a C:/Program Files (x86)/Atmel/Studio/7.0/Packs/atmel/ATmega_DFP/1.6.364/gcc/dev/atmega328p/avr5\libatmega328p.a(eerd_byte.o)
 .debug_info    0x0000a8c6       0x9a C:/Program Files (x86)/Atmel/Studio/7.0/Packs/atmel/ATmega_DFP/1.6.364/gcc/dev/atmega328p/avr5\libatmega328p.a(eewr_byte.o)

.debug_abbrev   0x00000000     0x2537
 *(.debug_abbrev)
 .debug_abbrev  0x00000000      0x5a2 C:/Program Files (x86)/Atmel/Studio/7.0/Packs/atmel/ATmega_DFP/1.6.364/gcc/dev/atmega328p/avr5/crtatmega328p.o
 .debug_abbrev  0x000005a2      0x4c3 Sketch.o
 .debug_abbrev  0x00000a65      0x4b7 c:\users\dell\Documents\Atmel Studio\7.0\IRchinhThuc\IRchinhThuc\ArduinoCore\Debug\libArduinoCore.a(HardwareSerial.o)
 .debug_abbrev  0x00000f1c      0x3ce c:\users\dell\Documents\Atmel Studio\7.0\IRchinhThuc\IRchinhThuc\ArduinoCore\Debug\libArduinoCore.a(HardwareSerial0.o)
 .debug_abbrev  0x000012ea      0x12d c:\users\dell\Documents\Atmel Studio\7.0\IRchinhThuc\IRchinhThuc\ArduinoCore\Debug\libArduinoCore.a(main.o)
 .debug_abbrev  0x00001417      0x47a c:\users\dell\Documents\Atmel Studio\7.0\IRchinhThuc\IRchinhThuc\ArduinoCore\Debug\libArduinoCore.a(Print.o)
 .debug_abbrev  0x00001891      0x146 c:\users\dell\Documents\Atmel Studio\7.0\IRchinhThuc\IRchinhThuc\ArduinoCore\Debug\libArduinoCore.a(wiring.o)
 .debug_abbrev  0x000019d7      0x309 c:\users\dell\Documents\Atmel Studio\7.0\IRchinhThuc\IRchinhThuc\ArduinoCore\Debug\libArduinoCore.a(IRLibRecvBase.o)
 .debug_abbrev  0x00001ce0       0x8a c:\users\dell\Documents\Atmel Studio\7.0\IRchinhThuc\IRchinhThuc\ArduinoCore\Debug\libArduinoCore.a(IRLibHardware.o)
 .debug_abbrev  0x00001d6a      0x264 c:\users\dell\Documents\Atmel Studio\7.0\IRchinhThuc\IRchinhThuc\ArduinoCore\Debug\libArduinoCore.a(IRLibSendBase.o)
 .debug_abbrev  0x00001fce      0x2c0 c:\users\dell\Documents\Atmel Studio\7.0\IRchinhThuc\IRchinhThuc\ArduinoCore\Debug\libArduinoCore.a(IRLibRecvPCI.o)
 .debug_abbrev  0x0000228e       0x2a c:\users\dell\Documents\Atmel Studio\7.0\IRchinhThuc\IRchinhThuc\ArduinoCore\Debug\libArduinoCore.a(hooks.o)
 .debug_abbrev  0x000022b8       0xfc c:\users\dell\Documents\Atmel Studio\7.0\IRchinhThuc\IRchinhThuc\ArduinoCore\Debug\libArduinoCore.a(WInterrupts.o)
 .debug_abbrev  0x000023b4      0x15b c:\users\dell\Documents\Atmel Studio\7.0\IRchinhThuc\IRchinhThuc\ArduinoCore\Debug\libArduinoCore.a(wiring_digital.o)
 .debug_abbrev  0x0000250f       0x14 C:/Program Files (x86)/Atmel/Studio/7.0/Packs/atmel/ATmega_DFP/1.6.364/gcc/dev/atmega328p/avr5\libatmega328p.a(eerd_byte.o)
 .debug_abbrev  0x00002523       0x14 C:/Program Files (x86)/Atmel/Studio/7.0/Packs/atmel/ATmega_DFP/1.6.364/gcc/dev/atmega328p/avr5\libatmega328p.a(eewr_byte.o)

.debug_line     0x00000000     0x2d02
 *(.debug_line .debug_line.* .debug_line_end)
 .debug_line    0x00000000      0x134 C:/Program Files (x86)/Atmel/Studio/7.0/Packs/atmel/ATmega_DFP/1.6.364/gcc/dev/atmega328p/avr5/crtatmega328p.o
 .debug_line    0x00000134      0x901 Sketch.o
 .debug_line    0x00000a35      0x4d9 c:\users\dell\Documents\Atmel Studio\7.0\IRchinhThuc\IRchinhThuc\ArduinoCore\Debug\libArduinoCore.a(HardwareSerial.o)
 .debug_line    0x00000f0e      0x2a1 c:\users\dell\Documents\Atmel Studio\7.0\IRchinhThuc\IRchinhThuc\ArduinoCore\Debug\libArduinoCore.a(HardwareSerial0.o)
 .debug_line    0x000011af      0x17a c:\users\dell\Documents\Atmel Studio\7.0\IRchinhThuc\IRchinhThuc\ArduinoCore\Debug\libArduinoCore.a(main.o)
 .debug_line    0x00001329      0x69a c:\users\dell\Documents\Atmel Studio\7.0\IRchinhThuc\IRchinhThuc\ArduinoCore\Debug\libArduinoCore.a(Print.o)
 .debug_line    0x000019c3      0x2ae c:\users\dell\Documents\Atmel Studio\7.0\IRchinhThuc\IRchinhThuc\ArduinoCore\Debug\libArduinoCore.a(wiring.o)
 .debug_line    0x00001c71      0x3b0 c:\users\dell\Documents\Atmel Studio\7.0\IRchinhThuc\IRchinhThuc\ArduinoCore\Debug\libArduinoCore.a(IRLibRecvBase.o)
 .debug_line    0x00002021      0x111 c:\users\dell\Documents\Atmel Studio\7.0\IRchinhThuc\IRchinhThuc\ArduinoCore\Debug\libArduinoCore.a(IRLibHardware.o)
 .debug_line    0x00002132      0x302 c:\users\dell\Documents\Atmel Studio\7.0\IRchinhThuc\IRchinhThuc\ArduinoCore\Debug\libArduinoCore.a(IRLibSendBase.o)
 .debug_line    0x00002434      0x357 c:\users\dell\Documents\Atmel Studio\7.0\IRchinhThuc\IRchinhThuc\ArduinoCore\Debug\libArduinoCore.a(IRLibRecvPCI.o)
 .debug_line    0x0000278b       0x41 c:\users\dell\Documents\Atmel Studio\7.0\IRchinhThuc\IRchinhThuc\ArduinoCore\Debug\libArduinoCore.a(hooks.o)
 .debug_line    0x000027cc      0x1b7 c:\users\dell\Documents\Atmel Studio\7.0\IRchinhThuc\IRchinhThuc\ArduinoCore\Debug\libArduinoCore.a(WInterrupts.o)
 .debug_line    0x00002983      0x267 c:\users\dell\Documents\Atmel Studio\7.0\IRchinhThuc\IRchinhThuc\ArduinoCore\Debug\libArduinoCore.a(wiring_digital.o)
 .debug_line    0x00002bea       0x7a C:/Program Files (x86)/Atmel/Studio/7.0/Packs/atmel/ATmega_DFP/1.6.364/gcc/dev/atmega328p/avr5\libatmega328p.a(eerd_byte.o)
 .debug_line    0x00002c64       0x9e C:/Program Files (x86)/Atmel/Studio/7.0/Packs/atmel/ATmega_DFP/1.6.364/gcc/dev/atmega328p/avr5\libatmega328p.a(eewr_byte.o)

.debug_frame    0x00000000      0xcb0
 *(.debug_frame)
 .debug_frame   0x00000000      0x198 Sketch.o
 .debug_frame   0x00000198      0x110 c:\users\dell\Documents\Atmel Studio\7.0\IRchinhThuc\IRchinhThuc\ArduinoCore\Debug\libArduinoCore.a(HardwareSerial.o)
 .debug_frame   0x000002a8       0xe0 c:\users\dell\Documents\Atmel Studio\7.0\IRchinhThuc\IRchinhThuc\ArduinoCore\Debug\libArduinoCore.a(HardwareSerial0.o)
 .debug_frame   0x00000388       0x54 c:\users\dell\Documents\Atmel Studio\7.0\IRchinhThuc\IRchinhThuc\ArduinoCore\Debug\libArduinoCore.a(main.o)
 .debug_frame   0x000003dc      0x3ac c:\users\dell\Documents\Atmel Studio\7.0\IRchinhThuc\IRchinhThuc\ArduinoCore\Debug\libArduinoCore.a(Print.o)
 .debug_frame   0x00000788       0xc4 c:\users\dell\Documents\Atmel Studio\7.0\IRchinhThuc\IRchinhThuc\ArduinoCore\Debug\libArduinoCore.a(wiring.o)
 .debug_frame   0x0000084c       0xe8 c:\users\dell\Documents\Atmel Studio\7.0\IRchinhThuc\IRchinhThuc\ArduinoCore\Debug\libArduinoCore.a(IRLibRecvBase.o)
 .debug_frame   0x00000934      0x114 c:\users\dell\Documents\Atmel Studio\7.0\IRchinhThuc\IRchinhThuc\ArduinoCore\Debug\libArduinoCore.a(IRLibSendBase.o)
 .debug_frame   0x00000a48       0xd4 c:\users\dell\Documents\Atmel Studio\7.0\IRchinhThuc\IRchinhThuc\ArduinoCore\Debug\libArduinoCore.a(IRLibRecvPCI.o)
 .debug_frame   0x00000b1c       0x24 c:\users\dell\Documents\Atmel Studio\7.0\IRchinhThuc\IRchinhThuc\ArduinoCore\Debug\libArduinoCore.a(hooks.o)
 .debug_frame   0x00000b40       0xf4 c:\users\dell\Documents\Atmel Studio\7.0\IRchinhThuc\IRchinhThuc\ArduinoCore\Debug\libArduinoCore.a(WInterrupts.o)
 .debug_frame   0x00000c34       0x7c c:\users\dell\Documents\Atmel Studio\7.0\IRchinhThuc\IRchinhThuc\ArduinoCore\Debug\libArduinoCore.a(wiring_digital.o)

.debug_str      0x00000000     0x2bf7
 *(.debug_str)
 .debug_str     0x00000000      0x208 C:/Program Files (x86)/Atmel/Studio/7.0/Packs/atmel/ATmega_DFP/1.6.364/gcc/dev/atmega328p/avr5/crtatmega328p.o
 .debug_str     0x00000208      0xc38 Sketch.o
                                0xcc3 (size before relaxing)
 .debug_str     0x00000e40     0x1288 c:\users\dell\Documents\Atmel Studio\7.0\IRchinhThuc\IRchinhThuc\ArduinoCore\Debug\libArduinoCore.a(HardwareSerial.o)
                               0x1613 (size before relaxing)
 .debug_str     0x000020c8       0x86 c:\users\dell\Documents\Atmel Studio\7.0\IRchinhThuc\IRchinhThuc\ArduinoCore\Debug\libArduinoCore.a(HardwareSerial0.o)
                               0x1406 (size before relaxing)
 .debug_str     0x0000214e       0x37 c:\users\dell\Documents\Atmel Studio\7.0\IRchinhThuc\IRchinhThuc\ArduinoCore\Debug\libArduinoCore.a(main.o)
                                0x2b2 (size before relaxing)
 .debug_str     0x00002185      0x3a1 c:\users\dell\Documents\Atmel Studio\7.0\IRchinhThuc\IRchinhThuc\ArduinoCore\Debug\libArduinoCore.a(Print.o)
                               0x1240 (size before relaxing)
 .debug_str     0x00002526      0x153 c:\users\dell\Documents\Atmel Studio\7.0\IRchinhThuc\IRchinhThuc\ArduinoCore\Debug\libArduinoCore.a(wiring.o)
                                0x248 (size before relaxing)
 .debug_str     0x00002679      0x24c c:\users\dell\Documents\Atmel Studio\7.0\IRchinhThuc\IRchinhThuc\ArduinoCore\Debug\libArduinoCore.a(IRLibRecvBase.o)
                                0x5f8 (size before relaxing)
 .debug_str     0x000028c5       0x32 c:\users\dell\Documents\Atmel Studio\7.0\IRchinhThuc\IRchinhThuc\ArduinoCore\Debug\libArduinoCore.a(IRLibHardware.o)
                                0x289 (size before relaxing)
 .debug_str     0x000028f7       0xcd c:\users\dell\Documents\Atmel Studio\7.0\IRchinhThuc\IRchinhThuc\ArduinoCore\Debug\libArduinoCore.a(IRLibSendBase.o)
                                0x43f (size before relaxing)
 .debug_str     0x000029c4      0x100 c:\users\dell\Documents\Atmel Studio\7.0\IRchinhThuc\IRchinhThuc\ArduinoCore\Debug\libArduinoCore.a(IRLibRecvPCI.o)
                                0x5e0 (size before relaxing)
 .debug_str     0x00002ac4       0x1c c:\users\dell\Documents\Atmel Studio\7.0\IRchinhThuc\IRchinhThuc\ArduinoCore\Debug\libArduinoCore.a(hooks.o)
                                0x13d (size before relaxing)
 .debug_str     0x00002ae0       0x67 c:\users\dell\Documents\Atmel Studio\7.0\IRchinhThuc\IRchinhThuc\ArduinoCore\Debug\libArduinoCore.a(WInterrupts.o)
                                0x235 (size before relaxing)
 .debug_str     0x00002b47       0xb0 c:\users\dell\Documents\Atmel Studio\7.0\IRchinhThuc\IRchinhThuc\ArduinoCore\Debug\libArduinoCore.a(wiring_digital.o)
                                0x2ad (size before relaxing)

.debug_loc      0x00000000     0x3f66
 *(.debug_loc)
 .debug_loc     0x00000000      0x6eb Sketch.o
 .debug_loc     0x000006eb      0x4dc c:\users\dell\Documents\Atmel Studio\7.0\IRchinhThuc\IRchinhThuc\ArduinoCore\Debug\libArduinoCore.a(HardwareSerial.o)
 .debug_loc     0x00000bc7      0x1b0 c:\users\dell\Documents\Atmel Studio\7.0\IRchinhThuc\IRchinhThuc\ArduinoCore\Debug\libArduinoCore.a(HardwareSerial0.o)
 .debug_loc     0x00000d77     0x1c87 c:\users\dell\Documents\Atmel Studio\7.0\IRchinhThuc\IRchinhThuc\ArduinoCore\Debug\libArduinoCore.a(Print.o)
 .debug_loc     0x000029fe      0x28d c:\users\dell\Documents\Atmel Studio\7.0\IRchinhThuc\IRchinhThuc\ArduinoCore\Debug\libArduinoCore.a(wiring.o)
 .debug_loc     0x00002c8b      0x254 c:\users\dell\Documents\Atmel Studio\7.0\IRchinhThuc\IRchinhThuc\ArduinoCore\Debug\libArduinoCore.a(IRLibRecvBase.o)
 .debug_loc     0x00002edf      0x556 c:\users\dell\Documents\Atmel Studio\7.0\IRchinhThuc\IRchinhThuc\ArduinoCore\Debug\libArduinoCore.a(IRLibSendBase.o)
 .debug_loc     0x00003435      0x300 c:\users\dell\Documents\Atmel Studio\7.0\IRchinhThuc\IRchinhThuc\ArduinoCore\Debug\libArduinoCore.a(IRLibRecvPCI.o)
 .debug_loc     0x00003735      0x235 c:\users\dell\Documents\Atmel Studio\7.0\IRchinhThuc\IRchinhThuc\ArduinoCore\Debug\libArduinoCore.a(WInterrupts.o)
 .debug_loc     0x0000396a      0x5fc c:\users\dell\Documents\Atmel Studio\7.0\IRchinhThuc\IRchinhThuc\ArduinoCore\Debug\libArduinoCore.a(wiring_digital.o)

.debug_macinfo
 *(.debug_macinfo)

.debug_weaknames
 *(.debug_weaknames)

.debug_funcnames
 *(.debug_funcnames)

.debug_typenames
 *(.debug_typenames)

.debug_varnames
 *(.debug_varnames)

.debug_pubtypes
 *(.debug_pubtypes)

.debug_ranges   0x00000000      0x3e0
 *(.debug_ranges)
 .debug_ranges  0x00000000       0x78 Sketch.o
 .debug_ranges  0x00000078       0x58 c:\users\dell\Documents\Atmel Studio\7.0\IRchinhThuc\IRchinhThuc\ArduinoCore\Debug\libArduinoCore.a(HardwareSerial.o)
 .debug_ranges  0x000000d0       0x38 c:\users\dell\Documents\Atmel Studio\7.0\IRchinhThuc\IRchinhThuc\ArduinoCore\Debug\libArduinoCore.a(HardwareSerial0.o)
 .debug_ranges  0x00000108       0x20 c:\users\dell\Documents\Atmel Studio\7.0\IRchinhThuc\IRchinhThuc\ArduinoCore\Debug\libArduinoCore.a(main.o)
 .debug_ranges  0x00000128      0x120 c:\users\dell\Documents\Atmel Studio\7.0\IRchinhThuc\IRchinhThuc\ArduinoCore\Debug\libArduinoCore.a(Print.o)
 .debug_ranges  0x00000248       0x38 c:\users\dell\Documents\Atmel Studio\7.0\IRchinhThuc\IRchinhThuc\ArduinoCore\Debug\libArduinoCore.a(wiring.o)
 .debug_ranges  0x00000280       0x60 c:\users\dell\Documents\Atmel Studio\7.0\IRchinhThuc\IRchinhThuc\ArduinoCore\Debug\libArduinoCore.a(IRLibRecvBase.o)
 .debug_ranges  0x000002e0       0x50 c:\users\dell\Documents\Atmel Studio\7.0\IRchinhThuc\IRchinhThuc\ArduinoCore\Debug\libArduinoCore.a(IRLibSendBase.o)
 .debug_ranges  0x00000330       0x48 c:\users\dell\Documents\Atmel Studio\7.0\IRchinhThuc\IRchinhThuc\ArduinoCore\Debug\libArduinoCore.a(IRLibRecvPCI.o)
 .debug_ranges  0x00000378       0x10 c:\users\dell\Documents\Atmel Studio\7.0\IRchinhThuc\IRchinhThuc\ArduinoCore\Debug\libArduinoCore.a(hooks.o)
 .debug_ranges  0x00000388       0x30 c:\users\dell\Documents\Atmel Studio\7.0\IRchinhThuc\IRchinhThuc\ArduinoCore\Debug\libArduinoCore.a(WInterrupts.o)
 .debug_ranges  0x000003b8       0x28 c:\users\dell\Documents\Atmel Studio\7.0\IRchinhThuc\IRchinhThuc\ArduinoCore\Debug\libArduinoCore.a(wiring_digital.o)

.debug_macro
 *(.debug_macro)
OUTPUT(IR_chinhthuc1_Copy.elf elf32-avr)
LOAD linker stubs
